// 同步 ID: bad60f1e @ Thu Jul 23 13:47:05 UTC 2026
// 重构日志: c0f09935
// 重构日志: a5d3c747
// 重构日志: c55ba123
// 重构日志: bcf1e90d
// 重构日志: 7a0dd7ff
// 同步 ID: 89523bd2 @ Sun Jul 26 14:34:58 UTC 2026
// 重构日志: 663f7c0c
// 同步 ID: f7128b88 @ Mon Jul 27 12:57:36 UTC 2026
// 重构日志: 848ea90d
// 重构日志: fac4231f
// 重构日志: d7adcdfc
// 同步 ID: 71d80fcb @ Thu Jul 30 20:49:47 UTC 2026
// 同步 ID: 3a633a42 @ Fri Jul 31 02:08:05 UTC 2026
// 同步 ID: 18391b61 @ Fri Jul 31 13:22:52 UTC 2026
// 重构日志: ad904a92
// 同步 ID: 52987fac @ Sat Aug  1 14:16:22 UTC 2026
// 重构日志: 24d57f91
// 重构日志: d54e4e31
// 同步 ID: 4d5a59fd @ Sun Aug  2 14:19:03 UTC 2026
// 重构日志: 1468dc70
// 重构日志: ac2cbc25
// 重构日志: 466602d0
// 重构日志: 7c05168e
// 重构日志: 2dd0b93d
// 同步 ID: d0840d73 @ Wed Aug  5 13:16:46 UTC 2026
// 重构日志: d92564e8
// 同步 ID: d8a98606 @ Thu Aug  6 01:45:07 UTC 2026
// 重构日志: 1d5305e7
// 同步 ID: 2b995d2c @ Fri Aug  7 01:26:12 UTC 2026
// 重构日志: a1cf9fe3
// 重构日志: bb067011
// 重构日志: 4bef7e3c
